Log file open, 04/13/26 20:10:24
LogWindows: Enabling Tpause support
LogTrace: Initializing trace...
LogTrace: Finished trace initialization.
LogInit: Session CrashGUID >====================================================
         Session CrashGUID >   UECC-Windows-570C536F407E3ABC750FBBA30F3148D9
         Session CrashGUID >====================================================
LogConfig: No local boot hotfix file found at: [C:/temp/honours/PenGwyn-Honours-Project/PenGwyn/Saved/PersistentDownloadDir/HotfixForNextBoot.txt]
LogPluginManager: Mounting Engine plugin PlatformCrypto
LogInit: ExecutableName: UnrealPak.exe
LogInit: Build: ++UE5+Release-5.6-CL-44394996
LogInit: Platform=WindowsEditor
LogInit: MachineId=67e4c2184a6d49f5a1bea2b87d08bc7a
LogInit: DeviceId=
LogInit: Engine Version: 5.6.1-44394996+++UE5+Release-5.6
LogInit: Compatible Engine Version: 5.6.0-43139311+++UE5+Release-5.6
LogInit: Net CL: 43139311
LogInit: OS: Windows 11 (25H2) [10.0.26200.8037] (), CPU: 12th Gen Intel(R) Core(TM) i9-12900KF, GPU: NVIDIA GeForce RTX 3080
LogInit: Compiled (64-bit): Jul 28 2025 21:09:38
LogInit: Architecture: x64
LogInit: Compiled with Visual C++: 19.38.33130.00
LogInit: Build Configuration: Development
LogInit: Branch Name: ++UE5+Release-5.6
LogInit: Command Line: -CreateGlobalContainer=C:\temp\honours\PenGwyn-Honours-Project\PenGwyn\Saved\StagedBuilds\Windows\PenGwyn\Content\Paks\global.utoc -PackageStoreManifest=C:\temp\honours\PenGwyn-Honours-Project\PenGwyn\Saved\Cooked\Windows\PenGwyn\Metadata\packagestore.manifest -CookedDirectory=C:\temp\honours\PenGwyn-Honours-Project\PenGwyn\Saved\Cooked\Windows -Commands="C:\Users\alex\AppData\Roaming\Unreal Engine\AutomationTool\Logs\D+Games+Epic+Games+UE_5.6\IoStoreCommands.txt" -ScriptObjects=C:\temp\honours\PenGwyn-Honours-Project\PenGwyn\Saved\Cooked\Windows\PenGwyn\Metadata\scriptobjects.bin -patchpaddingalign=2048 -compressionformats=Oodle -compresslevel=4 -compressmethod=Kraken -cryptokeys=C:\temp\honours\PenGwyn-Honours-Project\PenGwyn\Saved\Cooked\Windows\PenGwyn\Metadata\Crypto.json -compressionMinBytesSaved=1024 -compressionMinPercentSaved=5 -WriteBackMetadataToAssetRegistry=Disabled -nopak
LogInit: Base Directory: D:/Games/Epic Games/UE_5.6/Engine/Binaries/Win64/
LogInit: Allocator: Mimalloc
LogInit: Installed Engine Build: 1
LogInit: This binary is optimized with LTO: no, PGO: no, instrumented for PGO data collection: no
LogDevObjectVersion: Number of dev versions registered: 35
LogDevObjectVersion:   Dev-Blueprints (B0D832E4-1F89-4F0D-ACCF-7EB736FD4AA2): 10
LogDevObjectVersion:   Dev-Build (E1C64328-A22C-4D53-A36C-8E866417BD8C): 0
LogDevObjectVersion:   Dev-Core (375EC13C-06E4-48FB-B500-84F0262A717E): 4
LogDevObjectVersion:   Dev-Editor (E4B068ED-F494-42E9-A231-DA0B2E46BB41): 40
LogDevObjectVersion:   Dev-Framework (CFFC743F-43B0-4480-9391-14DF171D2073): 37
LogDevObjectVersion:   Dev-Mobile (B02B49B5-BB20-44E9-A304-32B752E40360): 3
LogDevObjectVersion:   Dev-Networking (A4E4105C-59A1-49B5-A7C5-40C4547EDFEE): 0
LogDevObjectVersion:   Dev-Online (39C831C9-5AE6-47DC-9A44-9C173E1C8E7C): 0
LogDevObjectVersion:   Dev-Physics (78F01B33-EBEA-4F98-B9B4-84EACCB95AA2): 20
LogDevObjectVersion:   Dev-Platform (6631380F-2D4D-43E0-8009-CF276956A95A): 0
LogDevObjectVersion:   Dev-Rendering (12F88B9F-8875-4AFC-A67C-D90C383ABD29): 49
LogDevObjectVersion:   Dev-Sequencer (7B5AE74C-D270-4C10-A958-57980B212A5A): 13
LogDevObjectVersion:   Dev-VR (D7296918-1DD6-4BDD-9DE2-64A83CC13884): 3
LogDevObjectVersion:   Dev-LoadTimes (C2A15278-BFE7-4AFE-6C17-90FF531DF755): 1
LogDevObjectVersion:   Private-Geometry (6EACA3D4-40EC-4CC1-B786-8BED09428FC5): 3
LogDevObjectVersion:   Dev-AnimPhys (29E575DD-E0A3-4627-9D10-D276232CDCEA): 17
LogDevObjectVersion:   Dev-Anim (AF43A65D-7FD3-4947-9873-3E8ED9C1BB05): 15
LogDevObjectVersion:   Dev-ReflectionCapture (6B266CEC-1EC7-4B8F-A30B-E4D90942FC07): 1
LogDevObjectVersion:   Dev-Automation (0DF73D61-A23F-47EA-B727-89E90C41499A): 1
LogDevObjectVersion:   FortniteMain (601D1886-AC64-4F84-AA16-D3DE0DEAC7D6): 207
LogDevObjectVersion:   FortniteValkyrie (8DBC2C5B-54A7-43E0-A768-FCBB7DA29060): 8
LogDevObjectVersion:   FortniteSeason (5B4C06B7-2463-4AF8-805B-BF70CDF5D0DD): 13
LogDevObjectVersion:   FortniteRelease (E7086368-6B23-4C58-8439-1B7016265E91): 17
LogDevObjectVersion:   Dev-Enterprise (9DFFBCD6-494F-0158-E221-12823C92A888): 11
LogDevObjectVersion:   Dev-Niagara (F2AED0AC-9AFE-416F-8664-AA7FFA26D6FC): 1
LogDevObjectVersion:   Dev-Destruction (174F1F0B-B4C6-45A5-B13F-2EE8D0FB917D): 10
LogDevObjectVersion:   Dev-Physics-Ext (35F94A83-E258-406C-A318-09F59610247C): 41
LogDevObjectVersion:   Dev-PhysicsMaterial-Chaos (B68FC16E-8B1B-42E2-B453-215C058844FE): 1
LogDevObjectVersion:   Dev-CineCamera (B2E18506-4273-CFC2-A54E-F4BB758BBA07): 1
LogDevObjectVersion:   Dev-VirtualProduction (64F58936-FD1B-42BA-BA96-7289D5D0FA4E): 1
LogDevObjectVersion:   UE5-Main (697DD581-E64F-41AB-AA4A-51ECBEB7B628): 121
LogDevObjectVersion:   UE5-Release (D89B5E42-24BD-4D46-8412-ACA8DF641779): 56
LogDevObjectVersion:   UE5-SpecialProject (59DA5D52-1232-4948-B878-597870B8E98B): 9
LogDevObjectVersion:   Dev-MediaFramework (6F0ED827-A609-4895-9C91-998D90180EA4): 2
LogDevObjectVersion:   Dev-NaniteResearch (30D58BE3-95EA-4282-A6E3-B159D8EBB06A): 1
LogInit: Presizing for max 100000 objects, including 0 objects not considered by GC.
LogInit: Object subsystem initialized
LogConfig: Applying CVar settings from Section [Startup] File [../../../Engine/Config/ConsoleVariables.ini]
LogConfig: CVar [[r.DumpShaderDebugInfo:2]] deferred - dummy variable created
LogConfig: CVar [[p.chaos.AllowCreatePhysxBodies:1]] deferred - dummy variable created
LogConfig: CVar [[fx.SkipVectorVMBackendOptimizations:1]] deferred - dummy variable created
LogConfig: CVar [[ds.CADTranslator.Meshing.ActivateThinZoneMeshing:0]] deferred - dummy variable created
LogConfig: CVar [[ds.CADTranslator.Stitching.RemoveThinFaces:0]] deferred - dummy variable created
LogConfig: Applying CVar settings from Section [Startup_Windows] File [../../../Engine/Config/ConsoleVariables.ini]
LogConfig: Applying CVar settings from Section [ConsoleVariables] File [Engine]
[2026.04.13-19.10.24:627][  0]LogInit: Computer: AWS-GPC
[2026.04.13-19.10.24:627][  0]LogInit: User: alex
[2026.04.13-19.10.24:627][  0]LogInit: CPU Page size=4096, Cores=16
[2026.04.13-19.10.24:627][  0]LogInit: High frequency timer resolution =10.000000 MHz
[2026.04.13-19.10.24:627][  0]LogMemory: Process is running as part of a Windows Job with separate resource limits
[2026.04.13-19.10.24:627][  0]LogMemory: Memory total: Physical=15.9GB (16GB approx) Virtual=36.8GB
[2026.04.13-19.10.24:627][  0]LogMemory: Platform Memory Stats for WindowsEditor
[2026.04.13-19.10.24:627][  0]LogMemory: Process Physical Memory: 74.88 MB used, 74.88 MB peak
[2026.04.13-19.10.24:627][  0]LogMemory: Process Virtual Memory: 156.77 MB used, 156.77 MB peak
[2026.04.13-19.10.24:627][  0]LogMemory: Physical Memory: 10686.23 MB used,  5557.64 MB free, 16243.87 MB total
[2026.04.13-19.10.24:627][  0]LogMemory: Virtual Memory: 31682.21 MB used,  5985.09 MB free, 37667.30 MB total
[2026.04.13-19.10.24:631][  0]LogAssetRegistry: FAssetRegistry took 0.0001 seconds to start up
[2026.04.13-19.10.24:631][  0]LogUObjectArray: 462 objects as part of root set at end of initial load.
[2026.04.13-19.10.24:631][  0]LogUObjectArray: CloseDisregardForGC: 0/0 objects in disregard for GC pool
[2026.04.13-19.10.24:631][  0]LogInit: Using OS detected language ().
[2026.04.13-19.10.24:631][  0]LogInit: Using OS detected locale ().
[2026.04.13-19.10.24:632][  0]LogTextLocalizationManager: No localization for '' exists, so 'en' will be used for the language.
[2026.04.13-19.10.24:632][  0]LogTextLocalizationManager: No localization for '' exists, so 'en' will be used for the locale.
[2026.04.13-19.10.24:632][  0]LogInit: Using OS detected language ().
[2026.04.13-19.10.24:632][  0]LogInit: Using OS detected locale ().
[2026.04.13-19.10.24:632][  0]LogTextLocalizationManager: No localization for '' exists, so 'en' will be used for the language.
[2026.04.13-19.10.24:632][  0]LogTextLocalizationManager: No localization for '' exists, so 'en' will be used for the locale.
[2026.04.13-19.10.24:632][  0]LogPakFile: Display: ProjectDir: C:/temp/honours/PenGwyn-Honours-Project/PenGwyn/
[2026.04.13-19.10.24:632][  0]LogIoStore: Display: ==================== IoStore Utils ====================
[2026.04.13-19.10.24:632][  0]LogIoStore: Display: Parsing crypto keys from a crypto key cache file 'C:\temp\honours\PenGwyn-Honours-Project\PenGwyn\Saved\Cooked\Windows\PenGwyn\Metadata\Crypto.json'
[2026.04.13-19.10.24:632][  0]LogIoStore: Display: Container signing - DISABLED
[2026.04.13-19.10.24:632][  0]LogIoStore: Display: Directory index - ENABLED
[2026.04.13-19.10.24:632][  0]LogIoStore: Display: Using compression format 'Oodle'
[2026.04.13-19.10.24:632][  0]LogIoStore: Display: Using memory mapping alignment '16384'
[2026.04.13-19.10.24:632][  0]LogIoStore: Display: Using compression block size '65536'
[2026.04.13-19.10.24:632][  0]LogIoStore: Display: Using compression block alignment '2048'
[2026.04.13-19.10.24:632][  0]LogIoStore: Display: Using compression min bytes saved '1024'
[2026.04.13-19.10.24:632][  0]LogIoStore: Display: Using compression min percent saved '5'
[2026.04.13-19.10.24:632][  0]LogIoStore: Display: Using max partition size '0'
[2026.04.13-19.10.24:632][  0]LogIoStore: Display: Not using DDC for compression
[2026.04.13-19.10.24:632][  0]LogIoStore: Display: Using command list file: 'C:\Users\alex\AppData\Roaming\Unreal Engine\AutomationTool\Logs\D+Games+Epic+Games+UE_5.6\IoStoreCommands.txt'
[2026.04.13-19.10.24:637][  0]LogIoStore: Display: Selected Oodle level 4 (Normal) from command line for shaders
[2026.04.13-19.10.24:637][  0]LogIoStore: Display: Fetched 1542 oplog items from Manifest in 0.00 seconds
[2026.04.13-19.10.24:641][  0]LogIoStore: Display: Parsed 1542 oplog items 0.00 seconds, 2067 chunks
[2026.04.13-19.10.24:646][  0]LogIoStore: Display: Using input asset registry: C:/temp/honours/PenGwyn-Honours-Project/PenGwyn/Saved/Cooked/Windows/PenGwyn/Metadata/DevelopmentAssetRegistry.bin
[2026.04.13-19.10.24:652][  0]LogIoStore: Display: Loaded 532 chunk hashes from AssetRegistry in 0.01 seconds, 532 hashes updated in 0.00 seconds
[2026.04.13-19.10.24:655][  0]LogIoStore: Display: Searching for cooked assets in folder 'C:\temp\honours\PenGwyn-Honours-Project\PenGwyn\Saved\Cooked\Windows'
[2026.04.13-19.10.24:680][  0]LogIoStore: Display: Found '3610' files
[2026.04.13-19.10.24:687][  0]LogIoStore: Display: Creating container targets...
[2026.04.13-19.10.24:691][  0]OodleDataCompression: Display: Oodle v2.9.13 format for pak/iostore with method=Kraken, level=4=Normal
[2026.04.13-19.10.24:717][  0]LogIoStore: Display: Parsing packages...
[2026.04.13-19.10.24:717][  0]LogIoStore: Display: Reading package assets...
[2026.04.13-19.10.24:730][  0]LogIoStore: Display: Reading 1000/1535: 'C:/temp/honours/PenGwyn-Honours-Project/PenGwyn/Saved/Cooked/Windows/PenGwyn/Content/Experience/Animations/Roll/A_Roll_IdleFwd.uasset'
[2026.04.13-19.10.24:736][  0]LogIoStore: Display: Packages read 1,535 files in 0.02 seconds, 3,229,160 total bytes, 175,705,999 bytes per second
[2026.04.13-19.10.24:739][  0]LogIoStore: Display: Processing shader libraries, compressing with Oodle Mermaid, level 4 (Normal)
[2026.04.13-19.10.24:750][  0]LogShaderLibrary: Display: Created IoStoreShaderArchive header: shaders grouped in 378 groups (139 of them didn't need new indices), average uncompressed size 152525 bytes, min 249 bytes, max 1040706 bytes (r.ShaderCodeLibrary.MaxShaderGroupSize=1048576)
[2026.04.13-19.10.24:806][  0]LogIoStore: Display: Global-PCD3D_SM5(PCD3D_SM5): Recompressed 4072 shaders as 378 groups. Library size changed from 12813 KB (4.39 : 1 ratio) to 5643 KB (9.98 : 1 ratio), 44.04% of previous.
[2026.04.13-19.10.24:868][  0]LogShaderLibrary: Display: Created IoStoreShaderArchive header: shaders grouped in 521 groups (157 of them didn't need new indices), average uncompressed size 245157 bytes, min 1249 bytes, max 1038055 bytes (r.ShaderCodeLibrary.MaxShaderGroupSize=1048576)
[2026.04.13-19.10.25:682][  0]LogIoStore: Display: Global-PCD3D_SM6(PCD3D_SM6): Recompressed 7988 shaders as 521 groups. Library size changed from 94800 KB (1.32 : 1 ratio) to 54301 KB (2.30 : 1 ratio), 57.28% of previous.
[2026.04.13-19.10.25:691][  0]LogShaderLibrary: Display: Created IoStoreShaderArchive header: shaders grouped in 269 groups (88 of them didn't need new indices), average uncompressed size 168108 bytes, min 249 bytes, max 1048360 bytes (r.ShaderCodeLibrary.MaxShaderGroupSize=1048576)
[2026.04.13-19.10.25:731][  0]LogIoStore: Display: PenGwyn-PCD3D_SM5(PCD3D_SM5): Recompressed 3344 shaders as 269 groups. Library size changed from 12288 KB (3.59 : 1 ratio) to 3767 KB (11.72 : 1 ratio), 30.66% of previous.
[2026.04.13-19.10.25:747][  0]LogShaderLibrary: Display: Created IoStoreShaderArchive header: shaders grouped in 305 groups (82 of them didn't need new indices), average uncompressed size 210050 bytes, min 1531 bytes, max 1024279 bytes (r.ShaderCodeLibrary.MaxShaderGroupSize=1048576)
[2026.04.13-19.10.26:091][  0]LogIoStore: Display: PenGwyn-PCD3D_SM6(PCD3D_SM6): Recompressed 4629 shaders as 305 groups. Library size changed from 46923 KB (1.33 : 1 ratio) to 26461 KB (2.36 : 1 ratio), 56.39% of previous.
[2026.04.13-19.10.26:094][  0]LogIoStore: Display: Shaders processed in 1.35 seconds
[2026.04.13-19.10.26:095][  0]LogIoStore: Display: Initialized WriteRequestManager with MaxConcurrentSourceReads=12 (24 cores), MaxSourceBufferMemory=3072MiB
[2026.04.13-19.10.26:096][  0]LogIoStore: Display: Processing redirects...
[2026.04.13-19.10.26:096][  0]LogIoStore: Display: Creating disk layout...
[2026.04.13-19.10.26:099][  0]LogIoStore: Display: Ordered 1535 packages using fallback bundle order
[2026.04.13-19.10.26:108][  0]LogIoStore: Display: Serializing container(s)...
[2026.04.13-19.10.28:110][  0]LogIoStore: Display: Writing chunks 3171/3544... [1740 compressed] [5970 compression tasks] [Physical: 3093 MiB, Virtual: 5207 MiB]
[2026.04.13-19.10.29:662][  0]LogIoStore: Display: Writing and compressing took 3.41 seconds, writes to disk took 3.18 seconds for 2,266,226,656 bytes @ 712,531,853 bytes per second.
[2026.04.13-19.10.29:665][  0]LogIoStore: Display: global: Found perfect hashmap for 1 items.
[2026.04.13-19.10.29:666][  0]LogIoStore: Display: PenGwyn-Windows: Found perfect hashmap for 3543 items.
[2026.04.13-19.10.29:676][  0]LogIoStore: Display: Finalize took 0.0 seconds for 2 writers to write 929,440 bytes, 70,539,841 bytes per second
[2026.04.13-19.10.29:676][  0]LogIoStore: Display: Writing tocs... [Physical: 2466 MiB, Virtual: 3771 MiB]
[2026.04.13-19.10.29:676][  0]LogIoStore: Display: 532 / 3,544 hashes were loaded from the hash database, by type:
[2026.04.13-19.10.29:676][  0]LogIoStore: Display:     BulkData                   532
[2026.04.13-19.10.29:677][  0]LogIoStore: Display: 2,067 / 3,544 chunks attempted to compress, by type:
[2026.04.13-19.10.29:677][  0]LogIoStore: Display:     ExportBundleData           1,535 / 1,535
[2026.04.13-19.10.29:677][  0]LogIoStore: Display:     BulkData                   532 / 532
[2026.04.13-19.10.29:677][  0]LogIoStore: Display:     ScriptObjects              0 / 1
[2026.04.13-19.10.29:677][  0]LogIoStore: Display:     ContainerHeader            0 / 1
[2026.04.13-19.10.29:677][  0]LogIoStore: Display:     ShaderCodeLibrary          0 / 4
[2026.04.13-19.10.29:677][  0]LogIoStore: Display:     ShaderCode                 0 / 1,471
[2026.04.13-19.10.29:677][  0]LogIoStore: Display: Source bytes read:
[2026.04.13-19.10.29:677][  0]LogIoStore: Display:     Zen:                                  0
[2026.04.13-19.10.29:678][  0]LogIoStore: Display:     Loose File:               3,657,884,571
[2026.04.13-19.10.29:678][  0]LogIoStore: Display:         ExportBundleData        654,523,768 bytes over 3,070 reads
[2026.04.13-19.10.29:678][  0]LogIoStore: Display:         BulkData               3,003,360,803 bytes over 532 reads
[2026.04.13-19.10.29:678][  0]LogIoStore: Display:     Memory:                     186,275,598
[2026.04.13-19.10.29:678][  0]LogIoStore: Display:         ShaderCodeLibrary         1,600,720 bytes over 8 reads
[2026.04.13-19.10.29:678][  0]LogIoStore: Display:         ShaderCode              184,674,878 bytes over 2,942 reads
[2026.04.13-19.10.29:678][  0]LogIoStore: Display: Calculating stats...
[2026.04.13-19.10.29:679][  0]LogIoStore: Display: 
[2026.04.13-19.10.29:679][  0]LogIoStore: Display: Container Summary
[2026.04.13-19.10.29:679][  0]LogIoStore: Display: ==================
[2026.04.13-19.10.29:679][  0]LogIoStore: Display: 
[2026.04.13-19.10.29:679][  0]LogIoStore: Display: Container                                               Flags      Chunk(s) #       TOC (KiB)       Raw Size (MiB)           Size (MiB)
[2026.04.13-19.10.29:679][  0]LogIoStore: Display: ----------------------------------------------------------------------------------------------------------------------------------------------
[2026.04.13-19.10.29:679][  0]LogIoStore: Display: global                                              -/-/-/-/-               1            0.68                 2.57                 2.57 -
[2026.04.13-19.10.29:679][  0]LogIoStore: Display: PenGwyn-Windows                                     C/-/-/I/-            3543          906.97              3269.79              2158.67 (33.98% Oodle)
[2026.04.13-19.10.29:679][  0]LogIoStore: Display: ----------------------------------------------------------------------------------------------------------------------------------------------
[2026.04.13-19.10.29:679][  0]LogIoStore: Display: Total                                                                    3544          907.66              3272.36              2161.24
[2026.04.13-19.10.29:679][  0]LogIoStore: Display: 
[2026.04.13-19.10.29:679][  0]LogIoStore: Display: ** Flags: (C)ompressed / (E)ncrypted / (S)igned) / (I)ndexed) / (O)nDemand **
[2026.04.13-19.10.29:679][  0]LogIoStore: Display: 
[2026.04.13-19.10.29:679][  0]LogIoStore: Display: Compression block padding:     2.56 MiB
[2026.04.13-19.10.29:679][  0]LogIoStore: Display: 
[2026.04.13-19.10.29:679][  0]LogIoStore: Display: Container Directory Index
[2026.04.13-19.10.29:679][  0]LogIoStore: Display: ==========================
[2026.04.13-19.10.29:679][  0]LogIoStore: Display: 
[2026.04.13-19.10.29:679][  0]LogIoStore: Display: Container                                          Size (KiB)
[2026.04.13-19.10.29:679][  0]LogIoStore: Display: ----------------------------------------------------------------------------------------------------------------------------------------------
[2026.04.13-19.10.29:679][  0]LogIoStore: Display: global                                                   0.00
[2026.04.13-19.10.29:679][  0]LogIoStore: Display: PenGwyn-Windows                                         95.96
[2026.04.13-19.10.29:679][  0]LogIoStore: Display: 
[2026.04.13-19.10.29:679][  0]LogIoStore: Display: Container Patch Report
[2026.04.13-19.10.29:679][  0]LogIoStore: Display: ========================
[2026.04.13-19.10.29:679][  0]LogIoStore: Display: 
[2026.04.13-19.10.29:679][  0]LogIoStore: Display: Container                                             Total #       Modified #          Added #   Modified (MiB)      Added (MiB)
[2026.04.13-19.10.29:679][  0]LogIoStore: Display: ----------------------------------------------------------------------------------------------------------------------------------------------
[2026.04.13-19.10.29:679][  0]LogIoStore: Display: global                                                      1                0                0             0.00             0.00
[2026.04.13-19.10.29:679][  0]LogIoStore: Display: PenGwyn-Windows                                          3543                0             3543             0.00          2156.11
[2026.04.13-19.10.29:679][  0]LogIoStore: Display: 
[2026.04.13-19.10.29:679][  0]LogIoStore: Display: PackageStore
[2026.04.13-19.10.29:679][  0]LogIoStore: Display: =============
[2026.04.13-19.10.29:679][  0]LogIoStore: Display: 
[2026.04.13-19.10.29:679][  0]LogIoStore: Display: Container                                          Size (KiB)      Packages #     Localized #
[2026.04.13-19.10.29:679][  0]LogIoStore: Display: ----------------------------------------------------------------------------------------------------------------------------------------------
[2026.04.13-19.10.29:679][  0]LogIoStore: Display: PenGwyn-Windows                                            57            1535               0
[2026.04.13-19.10.29:679][  0]LogIoStore: Display: ----------------------------------------------------------------------------------------------------------------------------------------------
[2026.04.13-19.10.29:679][  0]LogIoStore: Display: Total                                                      57            1535               0
[2026.04.13-19.10.29:679][  0]LogIoStore: Display: 
[2026.04.13-19.10.29:679][  0]LogIoStore: Display: 
[2026.04.13-19.10.29:679][  0]LogIoStore: Display: Input:      1535 Packages
[2026.04.13-19.10.29:679][  0]LogIoStore: Display: Input:      0.30 GB UExp
[2026.04.13-19.10.29:679][  0]LogIoStore: Display: Input:      0.00 GB UAsset
[2026.04.13-19.10.29:679][  0]LogIoStore: Display: Input:      2.80 GB UBulk
[2026.04.13-19.10.29:679][  0]LogIoStore: Display: Input:     58.54 MB for 899 Global shaders
[2026.04.13-19.10.29:680][  0]LogIoStore: Display: Input:      4.01 MB for 246 Shared shaders
[2026.04.13-19.10.29:680][  0]LogIoStore: Display: Input:      0.00 MB for 0 Unique shaders
[2026.04.13-19.10.29:680][  0]LogIoStore: Display: Input:     25.51 MB for 326 Inline shaders
[2026.04.13-19.10.29:680][  0]LogIoStore: Display: 
[2026.04.13-19.10.29:680][  0]LogIoStore: Display: Output:    20807 Name map entries
[2026.04.13-19.10.29:680][  0]LogIoStore: Display: Output:     3313 Imported package entries
[2026.04.13-19.10.29:680][  0]LogIoStore: Display: Output:      917 Packages without imports
[2026.04.13-19.10.29:680][  0]LogIoStore: Display: Output:        0 Public runtime script objects
[2026.04.13-19.10.29:680][  0]LogIoStore: Display: Output:     0.00 GB HeaderData
[2026.04.13-19.10.29:680][  0]LogIoStore: Display: Output:     2.57 MB InitialLoadData
[2026.04.13-19.10.29:680][  0]LogIoStore: Display: 
[2026.04.13-19.10.29:688][  0]LogPakFile: Display: UnrealPak executed in 5.055947 seconds
[2026.04.13-19.10.29:695][  0]LogCore: Engine exit requested (reason: UnrealPak Exiting)
[2026.04.13-19.10.29:695][  0]LogExit: Preparing to exit.
[2026.04.13-19.10.29:744][  0]LogExit: Object subsystem successfully closed.
[2026.04.13-19.10.29:750][  0]LogPakFile: Destroying PakPlatformFile
[2026.04.13-19.10.29:754][  0]LogExit: Exiting.
[2026.04.13-19.10.29:774][  0]Log file closed, 04/13/26 20:10:29
